
> digital-business-card-generator@0.1.0 build
> next build

npm : [baseline-browser-mapping] The 
data in this module is over two months 
old.  To ensure accurate Baseline data, 
please update: `npm i 
baseline-browser-mapping@latest -D`
At line:1 char:1
+ npm run build > build_output.txt 2>&1
+ ~~~~~~~~~~~~~~~~~~~~~~~~~~~~~~~~~~~~~
    + CategoryInfo          : NotSpecif 
   ied: ([baseline-brows...ping@latest  
   -D`:String) [], RemoteException
    + FullyQualifiedErrorId : NativeCom 
   mandError
 
   Γû▓ Next.js 16.0.5 (Turbopack)
   - Environments: .env.local

   Creating an optimized production build ...
[baseline-browser-mapping] The data in 
this module is over two months old.  To 
ensure accurate Baseline data, please 
update: `npm i 
baseline-browser-mapping@latest -D`
 Γ£ô Compiled successfully in 3.8s
   Running TypeScript ...
Failed to compile.

./src/components/editor/Editor.tsx:317:7
2
Type error: This comparison appears to 
be unintentional because the types 
'"Minimalist" | "Professional" | 
"Creative" | "Tech"' and '"creative" | 
"simple" | "professional" | "tech"' 
have no overlap.

[0m [90m 315 |[39m                   
  [33m<[39m[33mdiv[39m 
className[33m=[39m[32m"grid 
grid-cols-2 gap-3"[39m[33m>[39m
 [90m 316 |[39m                       
  {[33mObject[39m[33m.[39mvalues(tem
plates)
[31m[1m>[22m[39m[90m 317 |[39m    
                         
[33m.[39mfilter(t [33m=>[39m 
selectedCategory [33m===[39m 
[32m'all'[39m [33m||[39m 
t[33m.[39mcategory [33m===[39m 
selectedCategory)
 [90m     |[39m                       
                                        
         [31m[1m^[22m[39m
 [90m 318 |[39m                       
      [33m.[39mmap((template) 
[33m=>[39m (
 [90m 319 |[39m                       
          [33m<[39m[33mbutton[39m
 [90m 320 |[39m                       
              key[33m=[39m{template[3
3m.[39mid}[0m
Next.js build worker exited with code: 
1 and signal: null
