
[1m[46m RUN [49m[22m [36mv4.0.14 [39m[90mD:/Digital Business Card/digital-business-card-generator[39m

 [31mΓ¥»[39m src/components/templates/shared/shared.test.tsx [2m([22m[2m8 tests[22m[2m | [22m[31m4 failed[39m[2m)[22m[33m 318[2mms[22m[39m
     [32mΓ£ô[39m should prepend https:// to domain-only URLs[32m 2[2mms[22m[39m
     [32mΓ£ô[39m should not modify URLs with http:// or https://[32m 0[2mms[22m[39m
     [32mΓ£ô[39m should not modify mailto: or tel: links[32m 0[2mms[22m[39m
     [32mΓ£ô[39m should render correct number of links[32m 202[2mms[22m[39m
[31m     [31m├ù[31m should ensure protocol on rendered links[39m[32m 48[2mms[22m[39m
[31m     [31m├ù[31m should render email with mailto:[39m[32m 22[2mms[22m[39m
[31m     [31m├ù[31m should render phone with tel:[39m[32m 20[2mms[22m[39m
[31m     [31m├ù[31m should render website with https://[39m[32m 19[2mms[22m[39m
npx : 
At line:1 char:1
+ npx vitest run src/components/template
s/shared/shared.test.tsx > test ...
+ ~~~~~~~~~~~~~~~~~~~~~~~~~~~~~~~~~~~~~~
~~~~~~~~~~~~~~~~~~~~~~~~~~~~~~~
    + CategoryInfo          : NotSpecif 
   ied: (:String) [], RemoteException
    + FullyQualifiedErrorId : NativeCom 
   mandError
 
[31mΓÄ»ΓÄ»ΓÄ»ΓÄ»ΓÄ»ΓÄ»ΓÄ»[39m[1m[41m
 Failed Tests 4 [49m[22m[31mΓÄ»ΓÄ»ΓÄ»
ΓÄ»ΓÄ»ΓÄ»ΓÄ»[39m

[41m[1m FAIL [22m[49m src/components
/templates/shared/shared.test.tsx[2m > 
[22mComponent: SocialLinks[2m > 
[22mshould ensure protocol on rendered 
links
[31m[1mError[22m: Invalid Chai 
property: toHaveAttribute[39m
[36m [2mΓ¥»[22m src/components/templa
tes/shared/shared.test.tsx:[2m40:24[22
m[39m
    [90m 38| [39m        [34mrender[
39m([33m<[39m[33mSocialLinks[39m [3
3mlinks[39m[33m=[39m[33m{[39mmockLi
nks[33m}[39m 
[33m/[39m[33m>[39m)[33m;[39m
    [90m 39| [39m        
[35mconst[39m links [33m=[39m screen
[33m.[39m[34mgetAllByRole[39m([32m'
link'[39m)[33m;[39m
    [90m 40| [39m        expect(links[
0]).toHaveAttribute('href', 
'https://github.com/uΓÇª
    [90m   | [39m                     
  [31m^[39m
    [90m 41| [39m        expect(links[
1]).toHaveAttribute('href', 
'https://twitter.com/ΓÇª
    [90m 42| [39m    })[33m;[39m

[31m[2mΓÄ»ΓÄ»ΓÄ»ΓÄ»ΓÄ»ΓÄ»ΓÄ»ΓÄ»ΓÄ»ΓÄ»Γ
Ä»ΓÄ»ΓÄ»ΓÄ»ΓÄ»ΓÄ»ΓÄ»ΓÄ»ΓÄ»ΓÄ»ΓÄ»ΓÄ»ΓÄ»ΓÄ
»[1/4]ΓÄ»[22m[39m

[41m[1m FAIL [22m[49m src/components
/templates/shared/shared.test.tsx[2m > 
[22mComponent: ContactDetails[2m > 
[22mshould render email with mailto:
[31m[1mError[22m: Invalid Chai 
property: toHaveAttribute[39m
[36m [2mΓ¥»[22m src/components/templa
tes/shared/shared.test.tsx:[2m49:20[22
m[39m
    [90m 47| [39m        [34mrender[
39m([33m<[39m[33mContactDetails[39m 
[33memail[39m[33m=[39m[32m"test@exa
mple.com"[39m 
[33m/[39m[33m>[39m)[33m;[39m
    [90m 48| [39m        
[35mconst[39m link [33m=[39m screen
[33m.[39m[34mgetByRole[39m([32m'link
'[39m)[33m;[39m
    [90m 49| [39m        
expect(link).toHaveAttribute('href', 
'mailto:test@example.com'ΓÇª
    [90m   | [39m                   
[31m^[39m
    [90m 50| [39m        [34mexpect[
39m(link)[33m.[39m[34mtoHaveTextConte
nt[39m([32m'test@example.com'[39m)[3
3m;[39m
    [90m 51| [39m    })[33m;[39m

[31m[2mΓÄ»ΓÄ»ΓÄ»ΓÄ»ΓÄ»ΓÄ»ΓÄ»ΓÄ»ΓÄ»ΓÄ»Γ
Ä»ΓÄ»ΓÄ»ΓÄ»ΓÄ»ΓÄ»ΓÄ»ΓÄ»ΓÄ»ΓÄ»ΓÄ»ΓÄ»ΓÄ»ΓÄ
»[2/4]ΓÄ»[22m[39m

[41m[1m FAIL [22m[49m src/components
/templates/shared/shared.test.tsx[2m > 
[22mComponent: ContactDetails[2m > 
[22mshould render phone with tel:
[31m[1mError[22m: Invalid Chai 
property: toHaveAttribute[39m
[36m [2mΓ¥»[22m src/components/templa
tes/shared/shared.test.tsx:[2m56:20[22
m[39m
    [90m 54| [39m        [34mrender[
39m([33m<[39m[33mContactDetails[39m 
[33mphone[39m[33m=[39m[32m"12345678
90"[39m 
[33m/[39m[33m>[39m)[33m;[39m
    [90m 55| [39m        
[35mconst[39m link [33m=[39m screen
[33m.[39m[34mgetByRole[39m([32m'link
'[39m)[33m;[39m
    [90m 56| [39m        [34mexpect[
39m(link)[33m.[39m[34mtoHaveAttribute
[39m([32m'href'[39m[33m,[39m 
[32m'tel:1234567890'[39m)[33m;[39m
    [90m   | [39m                   
[31m^[39m
    [90m 57| [39m        [34mexpect[
39m(link)[33m.[39m[34mtoHaveTextConte
nt[39m([32m'1234567890'[39m)[33m;[3
9m
    [90m 58| [39m    })[33m;[39m

[31m[2mΓÄ»ΓÄ»ΓÄ»ΓÄ»ΓÄ»ΓÄ»ΓÄ»ΓÄ»ΓÄ»ΓÄ»Γ
Ä»ΓÄ»ΓÄ»ΓÄ»ΓÄ»ΓÄ»ΓÄ»ΓÄ»ΓÄ»ΓÄ»ΓÄ»ΓÄ»ΓÄ»ΓÄ
»[3/4]ΓÄ»[22m[39m

[41m[1m FAIL [22m[49m src/components
/templates/shared/shared.test.tsx[2m > 
[22mComponent: ContactDetails[2m > 
[22mshould render website with https://
[31m[1mError[22m: Invalid Chai 
property: toHaveAttribute[39m
[36m [2mΓ¥»[22m src/components/templa
tes/shared/shared.test.tsx:[2m63:20[22
m[39m
    [90m 61| [39m        [34mrender[
39m([33m<[39m[33mContactDetails[39m 
[33mwebsite[39m[33m=[39m[32m"exampl
e.com"[39m 
[33m/[39m[33m>[39m)[33m;[39m
    [90m 62| [39m        
[35mconst[39m link [33m=[39m screen
[33m.[39m[34mgetByRole[39m([32m'link
'[39m)[33m;[39m
    [90m 63| [39m        [34mexpect[
39m(link)[33m.[39m[34mtoHaveAttribute
[39m([32m'href'[39m[33m,[39m [32m'
https://example.com'[39m)[33m;[39m
    [90m   | [39m                   
[31m^[39m
    [90m 64| [39m    })[33m;[39m
    [90m 65| [39m})[33m;[39m

[31m[2mΓÄ»ΓÄ»ΓÄ»ΓÄ»ΓÄ»ΓÄ»ΓÄ»ΓÄ»ΓÄ»ΓÄ»Γ
Ä»ΓÄ»ΓÄ»ΓÄ»ΓÄ»ΓÄ»ΓÄ»ΓÄ»ΓÄ»ΓÄ»ΓÄ»ΓÄ»ΓÄ»ΓÄ
»[4/4]ΓÄ»[22m[39m


[2m Test Files [22m [1m[31m1 failed[39m[22m[90m (1)[39m
[2m      Tests [22m [1m[31m4 failed[39m[22m[2m | [22m[1m[32m4 passed[39m[22m[90m (8)[39m
[2m   Start at [22m 19:02:11
[2m   Duration [22m 2.00s[2m (transform 147ms, setup 0ms, import 517ms, tests 318ms, environment 884ms)[22m

